=== BEFORE ===
COVERPOINT=cp_burst_len COVERAGE=60.00
COVERPOINT=cp_cache_state COVERAGE=75.00
COVERPOINT=cp_dma_len COVERAGE=100.00
COVERPOINT=cp_fifo_level COVERAGE=100.00
COVERPOINT=cp_irq_src COVERAGE=75.00
COVERPOINT=cp_opcode COVERAGE=100.00
COVERPOINT=cp_resp_type COVERAGE=75.00
COVERPOINT=cp_rst_kind COVERAGE=50.00
COVERPOINT=x_len_resp COVERAGE=33.33
COVERPOINT=x_state_len COVERAGE=66.67
OVERALL_BEFORE=75.67

=== DETECTED ISSUES ===
HOLE COVERPOINT=cp_burst_len BIN=len16 HITS=6 MISSING=4
HOLE COVERPOINT=cp_burst_len BIN=len32 HITS=0 MISSING=10
HOLE COVERPOINT=cp_cache_state BIN=modified HITS=8 MISSING=2
HOLE COVERPOINT=cp_irq_src BIN=ext HITS=0 MISSING=10
HOLE COVERPOINT=cp_resp_type BIN=decerr HITS=0 MISSING=10
HOLE COVERPOINT=cp_rst_kind BIN=debug HITS=0 MISSING=10
HOLE COVERPOINT=cp_rst_kind BIN=wdog HITS=7 MISSING=3
HOLE COVERPOINT=x_len_resp BIN=len16_decerr HITS=0 MISSING=10
HOLE COVERPOINT=x_len_resp BIN=len4_slverr HITS=9 MISSING=1
HOLE COVERPOINT=x_state_len BIN=exc_l16 HITS=5 MISSING=5
ILLEGAL_HIT COVERPOINT=cp_dma_len BIN=l_zero HITS=2
ILLEGAL_HIT COVERPOINT=cp_fifo_level BIN=overflow HITS=3
ORPHAN COVERPOINT=cp_pkt_type BIN=ptype_ctrl HITS=4

=== CORRECTION / RECOMMENDATION ===
ACTION=DIRECTED_TEST COVERPOINT=cp_burst_len BIN=len32
ACTION=DIRECTED_TEST COVERPOINT=cp_resp_type BIN=decerr
ACTION=DIRECTED_TEST COVERPOINT=x_len_resp BIN=len16_decerr
ACTION=DIRECTED_TEST COVERPOINT=cp_irq_src BIN=ext
ACTION=DIRECTED_TEST COVERPOINT=cp_rst_kind BIN=debug
ACTION=CONSTRAINT_TUNE COVERPOINT=cp_burst_len BIN=len16
ACTION=CONSTRAINT_TUNE COVERPOINT=cp_cache_state BIN=modified
ACTION=CONSTRAINT_TUNE COVERPOINT=x_state_len BIN=exc_l16
ACTION=CONSTRAINT_TUNE COVERPOINT=cp_rst_kind BIN=wdog
ACTION=CONSTRAINT_TUNE COVERPOINT=x_len_resp BIN=len4_slverr
ACTION=REMOVE_ILLEGAL_STIMULUS COVERPOINT=cp_dma_len BIN=l_zero
ACTION=REMOVE_ILLEGAL_STIMULUS COVERPOINT=cp_fifo_level BIN=overflow
ACTION=FIX_COVERAGE_MODEL COVERPOINT=cp_pkt_type BIN=ptype_ctrl

=== AFTER ===
COVERPOINT=cp_burst_len COVERAGE=100.00
COVERPOINT=cp_cache_state COVERAGE=100.00
COVERPOINT=cp_dma_len COVERAGE=100.00
COVERPOINT=cp_fifo_level COVERAGE=100.00
COVERPOINT=cp_irq_src COVERAGE=100.00
COVERPOINT=cp_opcode COVERAGE=100.00
COVERPOINT=cp_pkt_type COVERAGE=0.00
COVERPOINT=cp_resp_type COVERAGE=100.00
COVERPOINT=cp_rst_kind COVERAGE=100.00
COVERPOINT=x_len_resp COVERAGE=100.00
COVERPOINT=x_state_len COVERAGE=100.00
OVERALL_AFTER=95.24
BINS_ADDED=0
BINS_REMOVED=0
REMAINING_HOLES=1

=== CLOSURE ===
OVERALL_BEFORE=75.67  OVERALL_AFTER=95.24  TARGET=95.00
PREDICTED_OVERALL=100.00  PREDICTION_ERROR=-4.76
ZERO_HIT_BINS_BEFORE=5  ZERO_HIT_BINS_AFTER=0
UNCOVERED_BINS_BEFORE=10  UNCOVERED_BINS_AFTER=1
MAX_ALLOWED_UNCOVERED_BINS=2.00
ILLEGAL_HITS_BEFORE=2  ILLEGAL_HITS_AFTER=0
ORPHAN_BINS_BEFORE=1  ORPHAN_BINS_AFTER=0
TOTAL_BINS_BEFORE=41  TOTAL_BINS_AFTER=41
BINS_ADDED=0  BINS_REMOVED=0
COVERPOINTS_BEFORE=10  COVERPOINTS_AFTER=11
PLAN_COMPLIANCE_PERCENT=92.31
BEFORE_STATUS=FAIL  AFTER_STATUS=WARNING
CLOSURE=PASS
