FIX ACTION=DIRECTED_TEST COVERPOINT=cp_burst_len BIN=len32 MODULE=AXI_IF HITS=0 MISSING=10 TESTS_NEEDED=3 PREDICTED_OVERALL=78.67 REASON=zero_hits_recorded
FIX ACTION=DIRECTED_TEST COVERPOINT=cp_resp_type BIN=decerr MODULE=AXI_IF HITS=0 MISSING=10 TESTS_NEEDED=3 PREDICTED_OVERALL=81.17 REASON=zero_hits_recorded
FIX ACTION=DIRECTED_TEST COVERPOINT=x_len_resp BIN=len16_decerr MODULE=AXI_IF HITS=0 MISSING=10 TESTS_NEEDED=3 PREDICTED_OVERALL=84.50 REASON=zero_hits_recorded
FIX ACTION=DIRECTED_TEST COVERPOINT=cp_irq_src BIN=ext MODULE=DMA_ENG HITS=0 MISSING=10 TESTS_NEEDED=3 PREDICTED_OVERALL=85.75 REASON=zero_hits_recorded
FIX ACTION=DIRECTED_TEST COVERPOINT=cp_rst_kind BIN=debug MODULE=RST_SYNC HITS=0 MISSING=10 TESTS_NEEDED=3 PREDICTED_OVERALL=87.00 REASON=zero_hits_recorded
FIX ACTION=CONSTRAINT_TUNE COVERPOINT=cp_burst_len BIN=len16 MODULE=AXI_IF HITS=6 MISSING=4 TESTS_NEEDED=1 PREDICTED_OVERALL=90.00 REASON=below_hit_goal
FIX ACTION=CONSTRAINT_TUNE COVERPOINT=cp_cache_state BIN=modified MODULE=MEM_CTL HITS=8 MISSING=2 TESTS_NEEDED=1 PREDICTED_OVERALL=93.75 REASON=below_hit_goal
FIX ACTION=CONSTRAINT_TUNE COVERPOINT=x_state_len BIN=exc_l16 MODULE=MEM_CTL HITS=5 MISSING=5 TESTS_NEEDED=2 PREDICTED_OVERALL=95.42 REASON=below_hit_goal
FIX ACTION=CONSTRAINT_TUNE COVERPOINT=cp_rst_kind BIN=wdog MODULE=RST_SYNC HITS=7 MISSING=3 TESTS_NEEDED=1 PREDICTED_OVERALL=96.67 REASON=below_hit_goal
FIX ACTION=CONSTRAINT_TUNE COVERPOINT=x_len_resp BIN=len4_slverr MODULE=AXI_IF HITS=9 MISSING=1 TESTS_NEEDED=1 PREDICTED_OVERALL=100.00 REASON=below_hit_goal
FIX ACTION=REMOVE_ILLEGAL_STIMULUS COVERPOINT=cp_dma_len BIN=l_zero MODULE=DMA_ENG HITS=2 MISSING=0 TESTS_NEEDED=0 PREDICTED_OVERALL=100.00 REASON=illegal_bin_hit
FIX ACTION=REMOVE_ILLEGAL_STIMULUS COVERPOINT=cp_fifo_level BIN=overflow MODULE=FIFO_CTL HITS=3 MISSING=0 TESTS_NEEDED=0 PREDICTED_OVERALL=100.00 REASON=illegal_bin_hit
FIX ACTION=FIX_COVERAGE_MODEL COVERPOINT=cp_pkt_type BIN=ptype_ctrl MODULE=UNKNOWN HITS=4 MISSING=0 TESTS_NEEDED=0 PREDICTED_OVERALL=100.00 REASON=undeclared_coverpoint

ACTION=CONSTRAINT_TUNE COUNT=5 TESTS_NEEDED=6
ACTION=DIRECTED_TEST COUNT=5 TESTS_NEEDED=15
ACTION=FIX_COVERAGE_MODEL COUNT=1 TESTS_NEEDED=0
ACTION=REMOVE_ILLEGAL_STIMULUS COUNT=2 TESTS_NEEDED=0

MODULE=AXI_IF ACTIONS=5 TESTS_NEEDED=11
MODULE=DMA_ENG ACTIONS=2 TESTS_NEEDED=3
MODULE=FIFO_CTL ACTIONS=1 TESTS_NEEDED=0
MODULE=MEM_CTL ACTIONS=2 TESTS_NEEDED=3
MODULE=RST_SYNC ACTIONS=2 TESTS_NEEDED=4
MODULE=UNKNOWN ACTIONS=1 TESTS_NEEDED=0

TOTAL_ACTIONS=13
TOTAL_TESTS_NEEDED=21
COVERAGE_BEFORE=75.67
PREDICTED_OVERALL_COVERAGE=100.00
PREDICTED_UNCOVERED_BINS=0
PREDICTED_ILLEGAL_HITS=0
OVERALL_TARGET_PERCENT=95.00
PLAN_MEETS_TARGET=YES
