VIOLATION TYPE=UNCOVERED_BIN COVERPOINT=cp_burst_len BIN=len16 MODULE=AXI_IF HITS=6 GOAL=10.00 MISSING=4 SEVERITY=MAJOR DETAIL=missing_hits
VIOLATION TYPE=UNCOVERED_BIN COVERPOINT=cp_burst_len BIN=len32 MODULE=AXI_IF HITS=0 GOAL=10.00 MISSING=10 SEVERITY=CRITICAL DETAIL=missing_hits
VIOLATION TYPE=UNCOVERED_BIN COVERPOINT=cp_cache_state BIN=modified MODULE=MEM_CTL HITS=8 GOAL=10.00 MISSING=2 SEVERITY=MAJOR DETAIL=missing_hits
VIOLATION TYPE=ILLEGAL_BIN_HIT COVERPOINT=cp_dma_len BIN=l_zero MODULE=DMA_ENG HITS=2 GOAL=10.00 MISSING=0 SEVERITY=CRITICAL DETAIL=illegal_stimulus_generated
VIOLATION TYPE=ILLEGAL_BIN_HIT COVERPOINT=cp_fifo_level BIN=overflow MODULE=FIFO_CTL HITS=3 GOAL=10.00 MISSING=0 SEVERITY=CRITICAL DETAIL=illegal_stimulus_generated
VIOLATION TYPE=UNCOVERED_BIN COVERPOINT=cp_irq_src BIN=ext MODULE=DMA_ENG HITS=0 GOAL=10.00 MISSING=10 SEVERITY=CRITICAL DETAIL=missing_hits
VIOLATION TYPE=ORPHAN_BIN COVERPOINT=cp_pkt_type BIN=ptype_ctrl MODULE=UNKNOWN HITS=4 GOAL=10.00 MISSING=0 SEVERITY=MAJOR DETAIL=coverpoint_not_declared
VIOLATION TYPE=UNCOVERED_BIN COVERPOINT=cp_resp_type BIN=decerr MODULE=AXI_IF HITS=0 GOAL=10.00 MISSING=10 SEVERITY=CRITICAL DETAIL=missing_hits
VIOLATION TYPE=UNCOVERED_BIN COVERPOINT=cp_rst_kind BIN=debug MODULE=RST_SYNC HITS=0 GOAL=10.00 MISSING=10 SEVERITY=CRITICAL DETAIL=missing_hits
VIOLATION TYPE=UNCOVERED_BIN COVERPOINT=cp_rst_kind BIN=wdog MODULE=RST_SYNC HITS=7 GOAL=10.00 MISSING=3 SEVERITY=MAJOR DETAIL=missing_hits
VIOLATION TYPE=UNCOVERED_BIN COVERPOINT=x_len_resp BIN=len16_decerr MODULE=AXI_IF HITS=0 GOAL=10.00 MISSING=10 SEVERITY=CRITICAL DETAIL=missing_hits
VIOLATION TYPE=UNCOVERED_BIN COVERPOINT=x_len_resp BIN=len4_slverr MODULE=AXI_IF HITS=9 GOAL=10.00 MISSING=1 SEVERITY=MAJOR DETAIL=missing_hits
VIOLATION TYPE=UNCOVERED_BIN COVERPOINT=x_state_len BIN=exc_l16 MODULE=MEM_CTL HITS=5 GOAL=10.00 MISSING=5 SEVERITY=MAJOR DETAIL=missing_hits

COVERPOINT_VIOLATION TYPE=COVERPOINT_BELOW_TARGET COVERPOINT=cp_burst_len COVERAGE=60.00 TARGET=90.00 GAP=30.00 SEVERITY=MAJOR
COVERPOINT_VIOLATION TYPE=COVERPOINT_BELOW_TARGET COVERPOINT=cp_cache_state COVERAGE=75.00 TARGET=90.00 GAP=15.00 SEVERITY=MAJOR
COVERPOINT_VIOLATION TYPE=COVERPOINT_BELOW_TARGET COVERPOINT=cp_irq_src COVERAGE=75.00 TARGET=90.00 GAP=15.00 SEVERITY=MAJOR
COVERPOINT_VIOLATION TYPE=COVERPOINT_BELOW_TARGET COVERPOINT=cp_resp_type COVERAGE=75.00 TARGET=90.00 GAP=15.00 SEVERITY=MAJOR
COVERPOINT_VIOLATION TYPE=COVERPOINT_BELOW_TARGET COVERPOINT=cp_rst_kind COVERAGE=50.00 TARGET=90.00 GAP=40.00 SEVERITY=MAJOR
COVERPOINT_VIOLATION TYPE=COVERPOINT_BELOW_TARGET COVERPOINT=x_len_resp COVERAGE=33.33 TARGET=90.00 GAP=56.67 SEVERITY=MAJOR
COVERPOINT_VIOLATION TYPE=COVERPOINT_BELOW_TARGET COVERPOINT=x_state_len COVERAGE=66.67 TARGET=90.00 GAP=23.33 SEVERITY=MAJOR

DESIGN_VIOLATION TYPE=OVERALL_BELOW_TARGET MEASURED=75.67 TARGET=95.00 GAP=19.33 SEVERITY=MAJOR

TOTAL_VIOLATIONS=21
CRITICAL_COUNT=7  MAJOR_COUNT=14
UNCOVERED_BINS=10  ZERO_HIT_BINS=5
ILLEGAL_BIN_HITS=2  ORPHAN_BINS=1
COVERPOINTS_BELOW_TARGET=7
TOTAL_MISSING_HITS=65
BASELINE_STATUS=FAIL
