BATCH=16
INPUT_STATUS=PASS
BIN_GOAL=10.00
OVERALL_TARGET_PERCENT=95.00
COVERPOINT_TARGET_PERCENT=90.00
MAX_ALLOWED_UNCOVERED_BINS=2.00
TESTS_RUN=120.00
HITS_PER_TEST_ESTIMATE=4.00
COVERPOINTS=9
CROSSES=2
TOTAL_BINS=41
LEGAL_BINS=38
ILLEGAL_BINS=3
COVERED_BINS=37
ZERO_HIT_BINS=3
ORPHAN_BINS=0
EMPTY_COVERPOINTS=0
TOTAL_HITS=4081
TOTAL_WEIGHT=21.00
OVERALL_COVERAGE_PERCENT=95.24
SKIPPED_RECORDS=0

COVERPOINT=cp_burst_len KIND=COVERPOINT MODULE=AXI_IF WEIGHT=3.00 BINS=5 LEGAL=5 COVERED=5 COVERAGE=100.00
COVERPOINT=cp_cache_state KIND=COVERPOINT MODULE=MEM_CTL WEIGHT=3.00 BINS=4 LEGAL=4 COVERED=4 COVERAGE=100.00
COVERPOINT=cp_dma_len KIND=COVERPOINT MODULE=DMA_ENG WEIGHT=2.00 BINS=4 LEGAL=3 COVERED=3 COVERAGE=100.00
COVERPOINT=cp_fifo_level KIND=COVERPOINT MODULE=FIFO_CTL WEIGHT=2.00 BINS=5 LEGAL=4 COVERED=4 COVERAGE=100.00
COVERPOINT=cp_irq_src KIND=COVERPOINT MODULE=DMA_ENG WEIGHT=1.00 BINS=4 LEGAL=4 COVERED=4 COVERAGE=100.00
COVERPOINT=cp_opcode KIND=COVERPOINT MODULE=CPU_CORE WEIGHT=3.00 BINS=4 LEGAL=3 COVERED=3 COVERAGE=100.00
COVERPOINT=cp_pkt_type KIND=COVERPOINT MODULE=PKT_PARSE WEIGHT=1.00 BINS=1 LEGAL=1 COVERED=0 COVERAGE=0.00
COVERPOINT=cp_resp_type KIND=COVERPOINT MODULE=AXI_IF WEIGHT=2.00 BINS=4 LEGAL=4 COVERED=4 COVERAGE=100.00
COVERPOINT=cp_rst_kind KIND=COVERPOINT MODULE=RST_SYNC WEIGHT=1.00 BINS=4 LEGAL=4 COVERED=4 COVERAGE=100.00
COVERPOINT=x_len_resp KIND=CROSS MODULE=AXI_IF WEIGHT=2.00 BINS=3 LEGAL=3 COVERED=3 COVERAGE=100.00
COVERPOINT=x_state_len KIND=CROSS MODULE=MEM_CTL WEIGHT=1.00 BINS=3 LEGAL=3 COVERED=3 COVERAGE=100.00
