RANK=1 COVERPOINT=cp_burst_len BIN=len32 MODULE=AXI_IF WEIGHT=3.00 HITS=0 MISSING=10 ZERO_HIT=YES TESTS_NEEDED=3 SCORE=60.00
RANK=2 COVERPOINT=cp_resp_type BIN=decerr MODULE=AXI_IF WEIGHT=2.00 HITS=0 MISSING=10 ZERO_HIT=YES TESTS_NEEDED=3 SCORE=40.00
RANK=3 COVERPOINT=x_len_resp BIN=len16_decerr MODULE=AXI_IF WEIGHT=2.00 HITS=0 MISSING=10 ZERO_HIT=YES TESTS_NEEDED=3 SCORE=40.00
RANK=4 COVERPOINT=cp_irq_src BIN=ext MODULE=DMA_ENG WEIGHT=1.00 HITS=0 MISSING=10 ZERO_HIT=YES TESTS_NEEDED=3 SCORE=20.00
RANK=5 COVERPOINT=cp_rst_kind BIN=debug MODULE=RST_SYNC WEIGHT=1.00 HITS=0 MISSING=10 ZERO_HIT=YES TESTS_NEEDED=3 SCORE=20.00
RANK=6 COVERPOINT=cp_burst_len BIN=len16 MODULE=AXI_IF WEIGHT=3.00 HITS=6 MISSING=4 ZERO_HIT=NO TESTS_NEEDED=1 SCORE=12.00
RANK=7 COVERPOINT=cp_cache_state BIN=modified MODULE=MEM_CTL WEIGHT=3.00 HITS=8 MISSING=2 ZERO_HIT=NO TESTS_NEEDED=1 SCORE=6.00
RANK=8 COVERPOINT=x_state_len BIN=exc_l16 MODULE=MEM_CTL WEIGHT=1.00 HITS=5 MISSING=5 ZERO_HIT=NO TESTS_NEEDED=2 SCORE=5.00
RANK=9 COVERPOINT=cp_rst_kind BIN=wdog MODULE=RST_SYNC WEIGHT=1.00 HITS=7 MISSING=3 ZERO_HIT=NO TESTS_NEEDED=1 SCORE=3.00
RANK=10 COVERPOINT=x_len_resp BIN=len4_slverr MODULE=AXI_IF WEIGHT=2.00 HITS=9 MISSING=1 ZERO_HIT=NO TESTS_NEEDED=1 SCORE=2.00

COVERPOINT=cp_burst_len HOLES=2 MISSING_HITS=14 COVERAGE=60.00 COVERAGE_GAIN=6.00
COVERPOINT=cp_cache_state HOLES=1 MISSING_HITS=2 COVERAGE=75.00 COVERAGE_GAIN=3.75
COVERPOINT=cp_dma_len HOLES=0 MISSING_HITS=0 COVERAGE=100.00 COVERAGE_GAIN=0.00
COVERPOINT=cp_fifo_level HOLES=0 MISSING_HITS=0 COVERAGE=100.00 COVERAGE_GAIN=0.00
COVERPOINT=cp_irq_src HOLES=1 MISSING_HITS=10 COVERAGE=75.00 COVERAGE_GAIN=1.25
COVERPOINT=cp_opcode HOLES=0 MISSING_HITS=0 COVERAGE=100.00 COVERAGE_GAIN=0.00
COVERPOINT=cp_resp_type HOLES=1 MISSING_HITS=10 COVERAGE=75.00 COVERAGE_GAIN=2.50
COVERPOINT=cp_rst_kind HOLES=2 MISSING_HITS=13 COVERAGE=50.00 COVERAGE_GAIN=2.50
COVERPOINT=x_len_resp HOLES=2 MISSING_HITS=11 COVERAGE=33.33 COVERAGE_GAIN=6.67
COVERPOINT=x_state_len HOLES=1 MISSING_HITS=5 COVERAGE=66.67 COVERAGE_GAIN=1.67

MODULE=AXI_IF HOLES=5 MISSING_HITS=35
MODULE=DMA_ENG HOLES=1 MISSING_HITS=10
MODULE=MEM_CTL HOLES=2 MISSING_HITS=7
MODULE=RST_SYNC HOLES=2 MISSING_HITS=13

TOTAL_HOLES=10
TOTAL_MISSING_HITS=65
TOTAL_EXTRA_TESTS=21
EXTRA_TESTS_PERCENT=17.50
ZERO_HIT_SHARE_PERCENT=76.92
BEST_CLOSURE_COVERPOINT=x_len_resp
BEST_CLOSURE_GAIN=6.67
WORST_COVERPOINT=x_len_resp
